Light Player is MD 
 Dark Player is MiniMaxPlayer1 
Light plays first 
Starting State is:
{"Turn": "Light", "LightCapture": 0, "DarkCapture": 0, "Board": [1, 1, 1, 1, 1, 1, 1, 1, 1, 1, 1, 1, 1, 1, 1, 1, 1, 1, 1, 1, 1, 2, 1, 1, 1, 1, 1, 1, 1, 1, 1, 1, 1, 1, 1, 0]}
Move for Light Player 
{"Row": 3, "Col": 4, "Direction": "SW"}
Move for Dark Player 
{"Row": 3, "Col": 3, "Direction": "W"}
Move for Light Player 
{"Row": 4, "Col": 3, "Direction": "SE"}
Move for Dark Player 
{"Row": 3, "Col": 1, "Direction": "N"}
Move for Light Player 
{"Row": 5, "Col": 4, "Direction": "W"}
Move for Dark Player 
{"Row": 4, "Col": 2, "Direction": "NE"}
Move for Light Player 
{"Row": 4, "Col": 1, "Direction": "NW"}
Move for Dark Player 
{"Row": 1, "Col": 1, "Direction": "E"}
Move for Light Player 
{"Row": 3, "Col": 0, "Direction": "N"}
Move for Dark Player 
{"Row": 2, "Col": 4, "Direction": "E"}
Move for Light Player 
{"Row": 1, "Col": 0, "Direction": "NE"}
Move for Dark Player 
{"Row": 1, "Col": 3, "Direction": "E"}
Move for Light Player 
{"Row": 0, "Col": 1, "Direction": "E"}
Move for Dark Player 
{"Row": 1, "Col": 5, "Direction": "SW"}
Move for Light Player 
{"Row": 2, "Col": 3, "Direction": "SW"}
Move for Dark Player 
{"Row": 4, "Col": 0, "Direction": "NE"}
Move for Light Player 
{"Row": 0, "Col": 5, "Direction": "SW"}
Move for Dark Player 
{"Row": 2, "Col": 4, "Direction": "SE"}
Game Ends. Player Light has no legal moves.
{"Turn": "Light", "LightCapture": 10, "DarkCapture": 14, "Board": [1, 0, 0, 2, 0, 0, 0, 0, 0, 0, 0, 0, 0, 0, 2, 0, 0, 0, 0, 0, 0, 0, 0, 0, 0, 0, 0, 0, 1, 1, 3, 0, 2, 0, 0, 0]}